// Jest Snapshot v1, https://goo.gl/fbAQLP

exports[`render data 1`] = `"<div>Hello</div>"`;

exports[`render data 2`] = `"<div>world</div>"`;
