// Jest Snapshot v1, https://goo.gl/fbAQLP

exports[`render data 1`] = `"<div data-reactroot=\\"\\">content</div>"`;

exports[`render error 1`] = `"<div data-reactroot=\\"\\">custom error</div>"`;

exports[`render loading 1`] = `"<div data-reactroot=\\"\\">loading</div>"`;
