// Jest Snapshot v1, https://goo.gl/fbAQLP

exports[`Holder::(set, clear) 1`] = `
Array [
  Object {
    "action": "request",
    "keys": Array [
      "success",
    ],
    "name": "test",
    "type": "action",
  },
  Object {
    "action": "set",
    "name": "test",
    "payload": Object {
      "success": 1,
    },
    "type": "action",
  },
  Object {
    "action": "request",
    "keys": Array [
      "error",
    ],
    "name": "test",
    "type": "action",
  },
  Object {
    "action": "error",
    "name": "test",
    "payload": Object {
      "error": [Error: error],
    },
    "type": "action",
  },
  Object {
    "action": "clear",
    "name": "test",
    "type": "action",
  },
]
`;
